// Jest Snapshot v1, https://goo.gl/fbAQLP

exports[`Storyshots App Simple 1`] = `
<div>
  Hey apple!
</div>
`;
